---
source: tests/integration_test.rs
expression: output
---
trait GetValue {
    fn call_0(&self, key: String) -> String;
}

trait GetCookie {
    fn call_0(&self, c: String) -> String;
    fn call_1(&self, c: String, key: String) -> f64;
}

#[derive(Debug, Clone, PartialEq)]
struct Body {
    text: String,
    json: bool,
}

type BodyCache = Body;

#[derive(Debug, Clone, Copy, PartialEq, Eq, Hash)]
struct GetValueGetValueImpl;

impl GetValueGetValueImpl {
    fn inner(&self, key: String) -> String {
        key
    }
}

impl GetValue for GetValueGetValueImpl {
    fn call_0(&self, key: String) -> String {
        self.inner(key)
    }
}

const getValue: GetValueGetValueImpl = GetValueGetValueImpl;
