---
source: tests/integration_test.rs
expression: output
---
#[derive(Debug, Clone, PartialEq)]
pub enum F64OrString {
    String(String),
    F64(f64),
}

#[derive(Debug, Clone, PartialEq)]
pub enum InstanceofAnyXType {
    MyError(MyError),
    Other(serde_json::Value),
}

fn truthyCheck(x: Option<String>) {
    if let Some(x) = x {
        println!("{}", x);
    }
}

#[derive(Debug, Clone, PartialEq)]
struct MyError {
    message: String,
}

impl MyError {
    fn new(msg: String) -> Self {
        Self { message: msg }
    }
}

fn instanceofAny(x: InstanceofAnyXType) {
    if let InstanceofAnyXType::MyError(x) = x {
        println!("{}", x.message);
    }
}

fn truthyNumber(x: Option<f64>) -> f64 {
    if let Some(x) = x {
        return x;
    }
    0.0
}

fn truthyWithElse(x: Option<String>) -> String {
    if let Some(x) = x {
        return x;
    } else {
        return "default".to_string();
    }
}

fn nullCheck(x: Option<String>) -> String {
    let x = match x {
    None => {
        return "null".to_string();
    }
    Some(x) => {
        x
    }
};
    x
}

fn typeofNarrowing(x: F64OrString) -> String {
    let x = match x {
    F64OrString::String(x) => {
        return x;
    }
    F64OrString::F64(x) => {
        x
    }
};
    x.to_string()
}
