---
source: tests/integration_test.rs
expression: output
---
#[derive(Debug, Clone, PartialEq)]
struct Item {
    name: String,
    value: f64,
}

fn propertyAccess(x: Option<Item>) -> Option<f64> {
    x.as_ref().map(|_v| _v.value)
}

fn computedAccess(x: Option<Vec<f64>>) -> Option<f64> {
    x.as_ref().and_then(|_v| _v.get(0).cloned())
}

fn lengthAccess(x: Option<String>) -> Option<f64> {
    x.as_ref().map(|_v| _v.len() as f64)
}
