---
source: tests/integration_test.rs
expression: output
---
pub type Handler = Box<dyn Fn(String) -> f64>;

#[derive(Debug, Clone, PartialEq)]
pub struct ServiceData {
    pub name: String,
}

pub trait Service {
    fn start(&self);
    fn stop(&self) -> bool;
}

impl Service for ServiceData {
    fn start(&self) {
    }

    fn stop(&self) -> bool {
        todo!()
    }
}
