---
source: tests/integration_test.rs
expression: output
---
#[derive(Debug, Clone, PartialEq)]
struct Combined {
    pub name: String,
    pub age: f64,
}

#[derive(Debug, Clone, PartialEq)]
struct Triple {
    pub a: String,
    pub b: f64,
    pub c: bool,
}

#[derive(Debug, Clone, PartialEq)]
struct WithOptional {
    pub name: String,
    pub nick: Option<String>,
}
