---
source: tests/integration_test.rs
expression: output
---
pub trait Handler {
    fn call_0(&self, req: String) -> f64;
}

#[derive(Debug, Clone, PartialEq)]
pub struct ServiceData {
    pub name: String,
}

pub trait Service {
    fn start(&self);
    fn stop(&self) -> bool;
}

impl Service for ServiceData {
    fn start(&self) {
    }

    fn stop(&self) -> bool {
        todo!()
    }
}
