---
source: tests/integration_test.rs
expression: output
---
fn acceptAny(x: serde_json::Value) -> serde_json::Value {
    x
}

fn acceptUnknown(x: serde_json::Value) {
    return;
}

fn fail(message: String) -> Result<std::convert::Infallible, String> {
    Err(message.to_string())
}

fn doNothing() {
}

fn doNothingExplicit() {
    return;
}

fn returnsUndefined() {
    None
}

#[derive(Debug, Clone, PartialEq)]
struct Flexible {
    data: serde_json::Value,
    value: serde_json::Value,
}

fn assertNever(x: !) -> Result<std::convert::Infallible, String> {
    Err(("Unexpected value: ".to_string() + &x).to_string())
}
