---
source: tests/integration_test.rs
expression: output
---
fn getLength(s: String) -> f64 {
    s.len() as f64
}

fn checkPrefix(s: String) -> bool {
    s.starts_with("hello")
}

fn normalize(s: String) -> String {
    s.trim().to_string().to_lowercase()
}

fn replaceChar(s: String) -> String {
    s.replace("a", "b")
}

fn hasContent(s: String) -> bool {
    s.contains(&"x") && !s.ends_with("z")
}

fn shout(s: String) -> String {
    s.to_uppercase()
}
