---
source: tests/integration_test.rs
expression: output
---
fn getFirst(arr: Vec<f64>) -> f64 {
    let a = arr.get(0).cloned().unwrap();
    a
}

fn swap(arr: Vec<f64>) -> Vec<f64> {
    let a = arr.get(0).cloned().unwrap();
    let b = arr.get(1).cloned().unwrap();
    vec![b, a]
}

fn getThird(arr: Vec<f64>) -> f64 {
    let c = arr.get(2).cloned().unwrap();
    c
}

fn headAndTail(arr: Vec<f64>) -> f64 {
    let head = arr.get(0).cloned().unwrap();
    let rest = arr[1..].to_vec();
    head
}

fn incrementFirst(arr: Vec<f64>) -> f64 {
    let mut x = arr.get(0).cloned().unwrap();
    x = x + 1.0;
    x
}
