---
source: tests/integration_test.rs
expression: output
---
#[derive(Debug, Clone, PartialEq)]
pub enum ArrayBufferOrString {
    ArrayBuffer(ArrayBuffer),
    String(String),
}

#[derive(Debug, Clone, PartialEq)]
pub enum DateOrError {
    Date(Date),
    Error(Error),
}

pub fn processValue(input: ArrayBufferOrString) -> String {
    input.toString()
}

#[derive(Debug, Clone, PartialEq)]
pub struct ArrayBuffer {
    pub byte_length: f64,
}

#[derive(Debug, Clone, PartialEq)]
pub struct Date {
}

#[derive(Debug, Clone, PartialEq)]
pub struct Error {
    pub name: String,
    pub message: String,
    pub stack: Option<String>,
}
