---
source: tests/integration_test.rs
expression: output
---
impl Named {
    pub fn greet(&self, name: String) -> String {
        todo!()
    }
}

#[derive(Debug, Clone, PartialEq)]
struct Named {
    pub name: String,
}

#[derive(Debug, Clone, PartialEq)]
struct PropsOnly {
    pub a: String,
    pub b: f64,
}
