---
source: tests/integration_test.rs
expression: output
---
#[derive(Debug, Clone, PartialEq)]
struct WithEmpty {
    pub x: f64,
}

type Simplify<T> = T;

type NonIdentity<T> = HashMap<String, String>;

#[derive(Debug, Clone, PartialEq)]
struct AllEmpty {
}

#[derive(Debug, Clone, PartialEq)]
struct Parenthesized {
    pub x: f64,
}

#[derive(Debug, Clone, PartialEq)]
struct Preserved {
    pub a: String,
    pub b: f64,
}
