---
source: tests/integration_test.rs
expression: output
---
#[derive(Debug, Clone, PartialEq)]
pub struct _TypeLit0 {
    pub y: f64,
}

#[derive(Debug, Clone, PartialEq)]
struct WithMapped<T> {
    pub x: String,
    _1: T,
}

#[derive(Debug, Clone, PartialEq)]
struct WithConditional<T, U> {
    pub x: String,
    _1: _TypeLit0,
    _phantom_t: std::marker::PhantomData<T>,
    _phantom_u: std::marker::PhantomData<U>,
}
