---
source: tests/integration_test.rs
expression: output
---
fn countdown(n: f64) -> f64 {
    let mut x: f64 = n;
    loop {
        x = x - 1.0;
        if !(x > 0.0) {
            break;
        }
    }
    x
}

fn findFirstNegative(values: Vec<f64>) -> f64 {
    let mut i = 0.0;
    let mut result = 0.0;
    loop {
        if values.get(i as usize).cloned().unwrap() < 0.0 {
            result = values.get(i as usize).cloned().unwrap();
            break;
        }
        {
    let __ts_old = i;
    i = i + 1.0;
    __ts_old
};
        if !(i < values.len() as f64) {
            break;
        }
    }
    result
}

fn multiplyUntilOverflow(a: f64, b: f64, limit: f64) -> f64 {
    let mut result = 1.0;
    let mut i = 0.0;
    loop {
        result = result * a;
        let mut j = 0.0;
        loop {
            result = result + b;
            {
    let __ts_old = j;
    j = j + 1.0;
    __ts_old
};
            if !(j < 2.0) {
                break;
            }
        }
        {
    let __ts_old = i;
    i = i + 1.0;
    __ts_old
};
        if !(result < limit) {
            break;
        }
    }
    result
}

fn sumPositiveOnly(values: Vec<f64>) -> f64 {
    let mut i = 0.0;
    let mut total = 0.0;
    '__ts_do_while_loop: loop {
        '__ts_do_while: {
            if values.get(i as usize).cloned().unwrap() < 0.0 {
                {
    let __ts_old = i;
    i = i + 1.0;
    __ts_old
};
                break '__ts_do_while;
            }
            total = total + values.get(i as usize).cloned().unwrap();
            {
    let __ts_old = i;
    i = i + 1.0;
    __ts_old
};
        }
        if !(i < values.len() as f64) {
            break '__ts_do_while_loop;
        }
    }
    total
}

fn sumUntilLimit(limit: f64) -> f64 {
    let mut result = 0.0;
    let mut i = 1.0;
    loop {
        result = result + i;
        {
    let __ts_old = i;
    i = i + 1.0;
    __ts_old
};
        if !(result < limit) {
            break;
        }
    }
    result
}
