---
source: tests/integration_test.rs
assertion_line: 92
expression: output
---
trait StringMapper {
    fn call_0(&self, input: String) -> String;
}

#[derive(Debug, Clone, Copy, PartialEq, Eq, Hash)]
struct StringMapperMapStringImpl;

impl StringMapperMapStringImpl {
    fn inner(&self, data: String) -> String {
        data
    }
}

impl StringMapper for StringMapperMapStringImpl {
    fn call_0(&self, input: String) -> String {
        self.inner(input)
    }
}
