---
source: tests/integration_test.rs
expression: output
---
fn truthyCheck(x: Option<String>) {
    if let Some(x) = x {
        println!("{}", x);
    }
}

#[derive(Debug, Clone, PartialEq)]
struct MyError {
    message: String,
}

impl MyError {
    fn new(msg: String) -> Self {
        Self { message: msg }
    }
}

#[derive(Debug, Clone, PartialEq)]
pub enum InstanceofAnyXType {
    MyError(MyError),
    Other(serde_json::Value),
}

fn instanceofAny(x: InstanceofAnyXType) {
    if let InstanceofAnyXType::MyError(x) = x {
        println!("{}", x.message);
    }
}
