---
source: tests/integration_test.rs
assertion_line: 149
expression: output
---
#[derive(Debug, Clone, PartialEq)]
pub struct ArrayBuffer {
    pub byte_length: f64,
    pub max_byte_length: f64,
    pub resizable: bool,
    pub detached: bool,
}

#[derive(Debug, Clone, PartialEq)]
pub enum ArrayBufferOrString {
    ArrayBuffer(ArrayBuffer),
    String(String),
}

#[derive(Debug, Clone, PartialEq)]
pub struct Date {
}

#[derive(Debug, Clone, PartialEq)]
pub struct Error {
    pub name: String,
    pub message: String,
    pub stack: Option<String>,
}

#[derive(Debug, Clone, PartialEq)]
pub enum DateOrError {
    Date(Date),
    Error(Error),
}

pub fn processValue(input: ArrayBufferOrString) -> String {
    input.to_string()
}
