---
source: tests/integration_test.rs
expression: output
---
use crate::geometry::Point;

use crate::utils::config::{Config, Logger};

#[derive(Debug, Clone, PartialEq)]
pub struct User {
    pub name: String,
    pub age: f64,
}

#[derive(Debug, Clone, PartialEq)]
struct Internal {
    id: f64,
}

pub fn add(a: f64, b: f64) -> f64 {
    a + b
}

use crate::other::Bar;
