---
source: tests/integration_test.rs
expression: output
---
pub type StringOnly<T> = T;

pub type ToNumber = f64;

pub type IsArray = bool;

pub trait Promise {
    type Output;
}

pub type Unwrap<T> = <T as Promise>::Output;

pub type Nested = f64;

#[derive(Debug, Clone, PartialEq)]
pub struct AfterFallback {
    pub x: f64,
}
