---
source: tests/integration_test.rs
expression: output
---
#[derive(Debug, Clone, PartialEq)]
struct Config {
    name: String,
    label: String,
}

fn greet() -> String {
    let s: String = "hello".to_string();
    s
}

fn getNames() -> Vec<String> {
    let mut names: Vec<String> = vec!["alice".to_string(), "bob".to_string()];
    names
}
